backend/processed_data/tomato_processed.csv
Variety,Group,Arrivals (Tonnes),Min Price (Rs./Quintal),Max Price (Rs./Quintal),Modal Price (Rs./Quintal),Reported Date,Days,Price Range,Demand Indicator
Local,Vegetables,154.8,2000,7000,4500,2024-03-13,71,5000,0.03439235725394357
Local,Vegetables,169.1,1000,1600,1300,2024-08-07,218,600,0.12997694081475789
Local,Vegetables,169.3,600,2500,1550,2024-05-21,140,1900,0.10915538362346874
Local,Vegetables,169.5,700,1500,1100,2024-04-22,111,800,0.1539509536784741
Local,Vegetables,192.2,800,1600,1200,2024-05-17,136,800,0.16003330557868442
Local,Vegetables,193.3,400,1200,800,2024-09-20,262,800,0.24132334581772785
Local,Vegetables,198.7,1200,3000,2100,2024-09-04,246,1800,0.0945740123750595
Local,Vegetables,208.0,600,1600,1100,2024-02-25,54,1000,0.18891916439600362
Local,Vegetables,208.3,500,1200,850,2025-12-12,710,700,0.24477085781433608
Local,Vegetables,225.4,600,2000,1300,2024-05-02,121,1400,0.17325134511913912
Local,Vegetables,226.7,600,1500,1050,2024-11-22,325,900,0.21569933396764984
Local,Vegetables,244.8,800,2500,1650,2024-03-17,75,1700,0.14827377347062387
Local,Vegetables,258.8,1000,1600,1300,2024-01-31,29,600,0.198923904688701
Local,Vegetables,265.4,600,1200,900,2025-11-17,685,600,0.2945615982241953
Local,Vegetables,271.8,1000,2000,1500,2024-02-27,56,1000,0.18107928047968022
Local,Vegetables,290.0,1000,2000,1500,2024-06-09,159,1000,0.1932045303131246
Local,Vegetables,330.6,1000,4000,2500,2024-05-12,131,3000,0.13218712514994002
Local,Vegetables,342.7,600,1600,1100,2024-05-22,141,1000,0.3112624886466848
Local,Vegetables,105.4,1000,2000,1500,2024-09-30,272,1000,0.07021985343104598
Local,Vegetables,111.7,2000,5000,3500,2024-07-24,204,3000,0.03190516995144244
Local,Vegetables,133.7,1500,6000,3750,2024-04-09,98,4500,0.03564382831245001
Local,Vegetables,137.5,500,1200,850,2024-06-19,169,700,0.16157461809635723
Local,Vegetables,141.7,1500,4500,3000,2024-03-08,66,3000,0.047217594135288234
Local,Vegetables,155.4,800,1600,1200,2024-01-06,4,800,0.12939217318900917
Local,Vegetables,156.0,500,2000,1250,2025-06-05,520,1500,0.12470023980815348
Local,Vegetables,175.0,1500,3500,2500,2024-05-27,146,2000,0.0699720111955218
Local,Vegetables,180.6,1000,2500,1750,2024-03-11,69,1500,0.10314106225014277
Local,Vegetables,191.5,1000,1800,1400,2024-03-29,87,800,0.13668807994289792
Local,Vegetables,216.7,600,1200,900,2024-08-06,217,600,0.24051054384017756
Local,Vegetables,224.2,1000,2000,1500,2024-12-10,343,1000,0.14936708860759493
Local,Vegetables,236.4,600,2000,1300,2024-02-29,58,1400,0.181706379707917
Local,Vegetables,237.0,1000,2000,1500,2024-06-30,180,1000,0.15789473684210525
Local,Vegetables,244.9,1500,4500,3000,2024-12-31,364,3000,0.08160613128957014
Local,Vegetables,274.5,500,1200,850,2024-02-16,45,700,0.3225616921269095
Local,Vegetables,275.3,500,1200,850,2025-08-22,598,700,0.32350176263219743
Local,Vegetables,279.8,1000,2500,1750,2024-07-28,208,1500,0.15979440319817248
Local,Vegetables,284.3,1500,4500,3000,2024-09-29,271,3000,0.0947350883038987
Local,Vegetables,285.0,1000,4500,2750,2024-09-08,250,3500,0.10359869138495092
Local,Vegetables,313.8,1000,2500,1750,2024-08-04,215,1500,0.1792118789263278
Local,Vegetables,322.3,800,2500,1650,2024-08-16,227,1700,0.19521502119927317
Local,Vegetables,330.7,600,2000,1300,2024-09-01,243,1400,0.2541890853189854
Local,Vegetables,334.3,600,1800,1200,2024-03-03,61,1200,0.27835137385512077
Local,Vegetables,400.6,800,1500,1150,2024-12-18,351,700,0.34804517810599483
Local,Vegetables,106.6,800,2000,1400,2024-05-20,139,1200,0.07608850820842256
Local,Vegetables,147.3,600,1500,1000,2024-07-09,189,900,0.14715284715284715
Local,Vegetables,175.1,1500,4500,3000,2024-08-13,224,3000,0.05834721759413529
Local,Vegetables,187.0,1000,2000,1500,2024-06-10,160,1000,0.1245836109260493
Local,Vegetables,192.7,1000,3000,2000,2024-07-12,192,2000,0.09630184907546226
Local,Vegetables,196.4,2000,5500,3750,2024-08-26,237,3500,0.05235937083444415
Local,Vegetables,199.3,600,2200,1400,2024-03-07,65,1600,0.1422555317630264
Local,Vegetables,199.6,600,1600,1100,2024-02-05,34,1000,0.1812897366030881
Local,Vegetables,205.8,600,1200,900,2025-12-09,707,600,0.2284128745837958
Local,Vegetables,216.8,600,3000,1800,2024-02-14,43,2400,0.12037756801776792
Local,Vegetables,219.1,400,1000,700,2025-01-15,379,600,0.31255349500713264
Local,Vegetables,231.6,600,1400,1000,2025-06-28,543,800,0.23136863136863137
Local,Vegetables,246.1,1000,3500,2250,2024-11-19,322,2500,0.10932918702798756
Local,Vegetables,276.2,800,2500,1650,2024-04-07,96,1700,0.16729254996971532
Local,Vegetables,320.1,600,1200,900,2024-12-15,348,600,0.35527192008879027
Local,Vegetables,331.9,600,2000,1300,2024-10-27,299,1400,0.25511145272867025
